Archive member included to satisfy reference by file (symbol)

/home/jmfriedt/sat/lib/gcc/arm-none-eabi/6.2.0/../../../../arm-none-eabi/lib/thumb/cortex-m3/libc.a(lib_a-atexit.o)
                              /home/jmfriedt/sat/lib/gcc/arm-none-eabi/6.2.0/../../../../arm-none-eabi/lib/thumb/cortex-m3/crt0.o (atexit)
/home/jmfriedt/sat/lib/gcc/arm-none-eabi/6.2.0/../../../../arm-none-eabi/lib/thumb/cortex-m3/libc.a(lib_a-exit.o)
                              /home/jmfriedt/sat/lib/gcc/arm-none-eabi/6.2.0/../../../../arm-none-eabi/lib/thumb/cortex-m3/crt0.o (exit)
/home/jmfriedt/sat/lib/gcc/arm-none-eabi/6.2.0/../../../../arm-none-eabi/lib/thumb/cortex-m3/libc.a(lib_a-fini.o)
                              /home/jmfriedt/sat/lib/gcc/arm-none-eabi/6.2.0/../../../../arm-none-eabi/lib/thumb/cortex-m3/crt0.o (__libc_fini_array)
/home/jmfriedt/sat/lib/gcc/arm-none-eabi/6.2.0/../../../../arm-none-eabi/lib/thumb/cortex-m3/libc.a(lib_a-impure.o)
                              /home/jmfriedt/sat/lib/gcc/arm-none-eabi/6.2.0/../../../../arm-none-eabi/lib/thumb/cortex-m3/libc.a(lib_a-exit.o) (_global_impure_ptr)
/home/jmfriedt/sat/lib/gcc/arm-none-eabi/6.2.0/../../../../arm-none-eabi/lib/thumb/cortex-m3/libc.a(lib_a-init.o)
                              /home/jmfriedt/sat/lib/gcc/arm-none-eabi/6.2.0/../../../../arm-none-eabi/lib/thumb/cortex-m3/crt0.o (__libc_init_array)
/home/jmfriedt/sat/lib/gcc/arm-none-eabi/6.2.0/../../../../arm-none-eabi/lib/thumb/cortex-m3/libc.a(lib_a-memset.o)
                              /home/jmfriedt/sat/lib/gcc/arm-none-eabi/6.2.0/../../../../arm-none-eabi/lib/thumb/cortex-m3/crt0.o (memset)
/home/jmfriedt/sat/lib/gcc/arm-none-eabi/6.2.0/../../../../arm-none-eabi/lib/thumb/cortex-m3/libc.a(lib_a-__atexit.o)
                              /home/jmfriedt/sat/lib/gcc/arm-none-eabi/6.2.0/../../../../arm-none-eabi/lib/thumb/cortex-m3/libc.a(lib_a-atexit.o) (__register_exitproc)
/home/jmfriedt/sat/lib/gcc/arm-none-eabi/6.2.0/../../../../arm-none-eabi/lib/thumb/cortex-m3/libc.a(lib_a-__call_atexit.o)
                              /home/jmfriedt/sat/lib/gcc/arm-none-eabi/6.2.0/../../../../arm-none-eabi/lib/thumb/cortex-m3/libc.a(lib_a-exit.o) (__call_exitprocs)
/home/jmfriedt/sat/lib/gcc/arm-none-eabi/6.2.0/../../../../arm-none-eabi/lib/thumb/cortex-m3/libc.a(lib_a-memcpy.o)
                              ../freertos/queue.o (memcpy)
/home/jmfriedt/sat/lib/gcc/arm-none-eabi/6.2.0/../../../../arm-none-eabi/lib/thumb/cortex-m3/libc.a(lib_a-strncpy.o)
                              ../freertos/tasks.o (strncpy)

Discarded input sections

 .text          0x0000000000000000        0x0 /home/jmfriedt/sat/lib/gcc/arm-none-eabi/6.2.0/thumb/cortex-m3/crti.o
 .data          0x0000000000000000        0x0 /home/jmfriedt/sat/lib/gcc/arm-none-eabi/6.2.0/thumb/cortex-m3/crti.o
 .bss           0x0000000000000000        0x0 /home/jmfriedt/sat/lib/gcc/arm-none-eabi/6.2.0/thumb/cortex-m3/crti.o
 .data          0x0000000000000000        0x4 /home/jmfriedt/sat/lib/gcc/arm-none-eabi/6.2.0/thumb/cortex-m3/crtbegin.o
 .text          0x0000000000000000       0x68 /home/jmfriedt/sat/lib/gcc/arm-none-eabi/6.2.0/../../../../arm-none-eabi/lib/thumb/cortex-m3/crt0.o
 .data          0x0000000000000000        0x0 /home/jmfriedt/sat/lib/gcc/arm-none-eabi/6.2.0/../../../../arm-none-eabi/lib/thumb/cortex-m3/crt0.o
 .bss           0x0000000000000000        0x0 /home/jmfriedt/sat/lib/gcc/arm-none-eabi/6.2.0/../../../../arm-none-eabi/lib/thumb/cortex-m3/crt0.o
 .ARM.extab     0x0000000000000000        0x0 /home/jmfriedt/sat/lib/gcc/arm-none-eabi/6.2.0/../../../../arm-none-eabi/lib/thumb/cortex-m3/crt0.o
 .ARM.exidx     0x0000000000000000        0x8 /home/jmfriedt/sat/lib/gcc/arm-none-eabi/6.2.0/../../../../arm-none-eabi/lib/thumb/cortex-m3/crt0.o
 .debug_line    0x0000000000000000       0x88 /home/jmfriedt/sat/lib/gcc/arm-none-eabi/6.2.0/../../../../arm-none-eabi/lib/thumb/cortex-m3/crt0.o
 .debug_info    0x0000000000000000       0xa1 /home/jmfriedt/sat/lib/gcc/arm-none-eabi/6.2.0/../../../../arm-none-eabi/lib/thumb/cortex-m3/crt0.o
 .debug_abbrev  0x0000000000000000       0x14 /home/jmfriedt/sat/lib/gcc/arm-none-eabi/6.2.0/../../../../arm-none-eabi/lib/thumb/cortex-m3/crt0.o
 .debug_aranges
                0x0000000000000000       0x20 /home/jmfriedt/sat/lib/gcc/arm-none-eabi/6.2.0/../../../../arm-none-eabi/lib/thumb/cortex-m3/crt0.o
 .ARM.attributes
                0x0000000000000000       0x21 /home/jmfriedt/sat/lib/gcc/arm-none-eabi/6.2.0/../../../../arm-none-eabi/lib/thumb/cortex-m3/crt0.o
 .text          0x0000000000000000        0xc /home/jmfriedt/sat/lib/gcc/arm-none-eabi/6.2.0/../../../../arm-none-eabi/lib/thumb/cortex-m3/libc.a(lib_a-atexit.o)
 .data          0x0000000000000000        0x0 /home/jmfriedt/sat/lib/gcc/arm-none-eabi/6.2.0/../../../../arm-none-eabi/lib/thumb/cortex-m3/libc.a(lib_a-atexit.o)
[...]
Memory Configuration

Name             Origin             Length             Attributes
FLASH            0x0000000008000000 0x0000000000020000 xr
RAM              0x0000000020000000 0x0000000000002000 xrw
MEMORY_B1        0x0000000060000000 0x0000000000000000 xr
*default*        0x0000000000000000 0xffffffffffffffff

Linker script and memory map

LOAD /home/jmfriedt/sat/lib/gcc/arm-none-eabi/6.2.0/thumb/cortex-m3/crti.o
LOAD /home/jmfriedt/sat/lib/gcc/arm-none-eabi/6.2.0/thumb/cortex-m3/crtbegin.o
LOAD /home/jmfriedt/sat/lib/gcc/arm-none-eabi/6.2.0/../../../../arm-none-eabi/lib/thumb/cortex-m3/crt0.o
                0x0000000020002000                _estack = 0x20002000
                0x0000000000000000                _Min_Heap_Size = 0x0
                0x0000000000000080                _Min_Stack_Size = 0x80

.isr_vector     0x0000000008000000      0x10c
                0x0000000008000000                . = ALIGN (0x4)
 *(.isr_vector)
 .isr_vector    0x0000000008000000      0x10c ../fw_lib/startup.o
                0x0000000008000000                g_pfnVectors
                0x000000000800010c                . = ALIGN (0x4)

.text           0x000000000800010c      0xf10
                0x000000000800010c                . = ALIGN (0x4)
 *(.text)
 .text          0x000000000800010c       0xa4 /home/jmfriedt/sat/lib/gcc/arm-none-eabi/6.2.0/thumb/cortex-m3/crtbegin.o
 .text          0x00000000080001b0       0x64 /home/jmfriedt/sat/lib/gcc/arm-none-eabi/6.2.0/../../../../arm-none-eabi/lib/thumb/cortex-m3/libc.a(lib_a-strncpy.o)
                0x00000000080001b0                strncpy
 *(.text*)
 .text.Reset_Handler
                0x0000000008000214       0x44 ../fw_lib/startup.o
                0x0000000008000214                Reset_Handler
 .text.Default_Handler
                0x0000000008000258        0x2 ../fw_lib/startup.o
                0x0000000008000258                EXTI2_IRQHandler
                0x0000000008000258                TIM1_CC_IRQHandler
                0x0000000008000258                PVD_IRQHandler
                0x0000000008000258                EXTI3_IRQHandler
                0x0000000008000258                EXTI0_IRQHandler
                0x0000000008000258                I2C2_EV_IRQHandler
                0x0000000008000258                ADC1_2_IRQHandler
                0x0000000008000258                SPI1_IRQHandler
                0x0000000008000258                TAMPER_IRQHandler
                0x0000000008000258                DMA1_Channel4_IRQHandler
                0x0000000008000258                USART3_IRQHandler
                0x0000000008000258                RTC_IRQHandler
                0x0000000008000258                DMA1_Channel7_IRQHandler
                0x0000000008000258                CAN1_RX1_IRQHandler
                0x0000000008000258                TIM4_IRQHandler
                0x0000000008000258                I2C1_EV_IRQHandler
                0x0000000008000258                DMA1_Channel6_IRQHandler
                0x0000000008000258                TIM3_IRQHandler
                0x0000000008000258                RCC_IRQHandler
                0x0000000008000258                TIM1_TRG_COM_IRQHandler
                0x0000000008000258                DMA1_Channel1_IRQHandler
                0x0000000008000258                Default_Handler
                0x0000000008000258                EXTI15_10_IRQHandler
                0x0000000008000258                EXTI9_5_IRQHandler
                0x0000000008000258                SPI2_IRQHandler
                0x0000000008000258                DMA1_Channel5_IRQHandler
                0x0000000008000258                EXTI4_IRQHandler
                0x0000000008000258                USB_LP_CAN1_RX0_IRQHandler
                0x0000000008000258                USB_HP_CAN1_TX_IRQHandler
                0x0000000008000258                DMA1_Channel3_IRQHandler
                0x0000000008000258                TIM1_UP_IRQHandler
                0x0000000008000258                WWDG_IRQHandler
                0x0000000008000258                TIM2_IRQHandler
                0x0000000008000258                TIM1_BRK_IRQHandler
                0x0000000008000258                EXTI1_IRQHandler
                0x0000000008000258                RTCAlarm_IRQHandler
                0x0000000008000258                USART2_IRQHandler
                0x0000000008000258                I2C2_ER_IRQHandler
                0x0000000008000258                DMA1_Channel2_IRQHandler
                0x0000000008000258                CAN1_SCE_IRQHandler
                0x0000000008000258                FLASH_IRQHandler
                0x0000000008000258                USART1_IRQHandler
                0x0000000008000258                I2C1_ER_IRQHandler
                0x0000000008000258                USBWakeUp_IRQHandler
 *fill*         0x000000000800025a        0x2 
 .text.vLedsFloat
                0x000000000800025c       0x3c ./src/main.o
                0x000000000800025c                vLedsFloat
 .text.vLedsFlash
                0x0000000008000298       0x40 ./src/main.o
                0x0000000008000298                vLedsFlash
 .text.vPrintUart
                0x00000000080002d8       0x24 ./src/main.o
                0x00000000080002d8                vPrintUart
 .text.startup.main
                0x00000000080002fc       0x74 ./src/main.o
                0x00000000080002fc                main
 .text.Usart1_Init
                0x0000000008000370       0xb8 ../common/usart_stm32.o
                0x0000000008000370                Usart1_Init
 .text.Led_Init
                0x0000000008000428       0x44 ../common/usart_stm32.o
                0x0000000008000428                Led_Init
 .text.uart_putc
                0x000000000800046c       0x20 ../common/usart_stm32.o
                0x000000000800046c                uart_putc
 .text.uart_puts
                0x000000000800048c       0x12 ../common/usart_stm32.o
                0x000000000800048c                uart_puts
 *fill*         0x000000000800049e        0x2 
 .text.pvPortMalloc
                0x00000000080004a0       0xb0 ../freertos/portable/MemMang/heap_2.o
                0x00000000080004a0                pvPortMalloc
 .text.vPortFree
                0x0000000008000550       0x40 ../freertos/portable/MemMang/heap_2.o
                0x0000000008000550                vPortFree
 .text.pxPortInitialiseStack
                0x0000000008000590       0x16 ../freertos/portable/GCC/ARM_CM3/port.o
                0x0000000008000590                pxPortInitialiseStack
 *fill*         0x00000000080005a6        0x2 
 .text.vPortSVCHandler
                0x00000000080005a8       0x20 ../freertos/portable/GCC/ARM_CM3/port.o
                0x00000000080005a8                vPortSVCHandler
 .text.vPortStartFirstTask
                0x00000000080005c8       0x14 ../freertos/portable/GCC/ARM_CM3/port.o
                0x00000000080005c8                vPortStartFirstTask
 .text.xPortStartScheduler
                0x00000000080005dc       0x40 ../freertos/portable/GCC/ARM_CM3/port.o
                0x00000000080005dc                xPortStartScheduler
 .text.vPortYieldFromISR
                0x000000000800061c       0x10 ../freertos/portable/GCC/ARM_CM3/port.o
                0x000000000800061c                vPortYieldFromISR
 .text.vPortEnterCritical
                0x000000000800062c       0x18 ../freertos/portable/GCC/ARM_CM3/port.o
                0x000000000800062c                vPortEnterCritical
 .text.vPortExitCritical
                0x0000000008000644       0x18 ../freertos/portable/GCC/ARM_CM3/port.o
                0x0000000008000644                vPortExitCritical
 .text.xPortPendSVHandler
                0x000000000800065c       0x3c ../freertos/portable/GCC/ARM_CM3/port.o
                0x000000000800065c                xPortPendSVHandler
 .text.xPortSysTickHandler
                0x0000000008000698       0x24 ../freertos/portable/GCC/ARM_CM3/port.o
                0x0000000008000698                xPortSysTickHandler
 .text.prvIdleTask
                0x00000000080006bc       0x14 ../freertos/tasks.o
 .text.prvAddCurrentTaskToDelayedList
                0x00000000080006d0       0x50 ../freertos/tasks.o
 .text.xTaskGenericCreate
                0x0000000008000720      0x19c ../freertos/tasks.o
                0x0000000008000720                xTaskGenericCreate
 .text.vTaskStartScheduler
                0x00000000080008bc       0x4c ../freertos/tasks.o
                0x00000000080008bc                vTaskStartScheduler
 .text.vTaskSuspendAll
                0x0000000008000908       0x10 ../freertos/tasks.o
                0x0000000008000908                vTaskSuspendAll
 .text.xTaskGetTickCount
                0x0000000008000918       0x18 ../freertos/tasks.o
                0x0000000008000918                xTaskGetTickCount
 .text.vTaskIncrementTick
                0x0000000008000930       0xdc ../freertos/tasks.o
                0x0000000008000930                vTaskIncrementTick
 .text.xTaskResumeAll
                0x0000000008000a0c       0xc4 ../freertos/tasks.o
                0x0000000008000a0c                xTaskResumeAll
 .text.vTaskDelayUntil
                0x0000000008000ad0       0x58 ../freertos/tasks.o
                0x0000000008000ad0                vTaskDelayUntil
 .text.vTaskDelay
                0x0000000008000b28       0x38 ../freertos/tasks.o
                0x0000000008000b28                vTaskDelay
 .text.vTaskSwitchContext
                0x0000000008000b60       0x64 ../freertos/tasks.o
                0x0000000008000b60                vTaskSwitchContext
 .text.vListInitialise
                0x0000000008000bc4       0x16 ../freertos/list.o
                0x0000000008000bc4                vListInitialise
 .text.vListInitialiseItem
                0x0000000008000bda        0x6 ../freertos/list.o
                0x0000000008000bda                vListInitialiseItem
 .text.vListInsertEnd
                0x0000000008000be0       0x1a ../freertos/list.o
                0x0000000008000be0                vListInsertEnd
 .text.vListInsert
                0x0000000008000bfa       0x2e ../freertos/list.o
                0x0000000008000bfa                vListInsert
 .text.vListRemove
                0x0000000008000c28       0x20 ../freertos/list.o
                0x0000000008000c28                vListRemove
 .text.SystemInit
                0x0000000008000c48       0xd0 ../fw_lib/system_stm32f10x.o
                0x0000000008000c48                SystemInit
 .text.NMI_Handler
                0x0000000008000d18        0x2 ../fw_lib/stm32f10x_it.o
                0x0000000008000d18                NMI_Handler
 .text.HardFault_Handler
                0x0000000008000d1a        0x2 ../fw_lib/stm32f10x_it.o
                0x0000000008000d1a                HardFault_Handler
 .text.MemManage_Handler
                0x0000000008000d1c        0x2 ../fw_lib/stm32f10x_it.o
                0x0000000008000d1c                MemManage_Handler
 .text.BusFault_Handler
                0x0000000008000d1e        0x2 ../fw_lib/stm32f10x_it.o
                0x0000000008000d1e                BusFault_Handler
 .text.UsageFault_Handler
                0x0000000008000d20        0x2 ../fw_lib/stm32f10x_it.o
                0x0000000008000d20                UsageFault_Handler
 .text.DebugMon_Handler
                0x0000000008000d22        0x2 ../fw_lib/stm32f10x_it.o
                0x0000000008000d22                DebugMon_Handler
 .text.RCC_GetClocksFreq
                0x0000000008000d24       0x8c ../fw_lib/stm32f10x_rcc.o
                0x0000000008000d24                RCC_GetClocksFreq
 .text.RCC_APB2PeriphClockCmd
                0x0000000008000db0       0x18 ../fw_lib/stm32f10x_rcc.o
                0x0000000008000db0                RCC_APB2PeriphClockCmd
 .text.GPIO_Init
                0x0000000008000dc8       0xa4 ../fw_lib/stm32f10x_gpio.o
                0x0000000008000dc8                GPIO_Init
 .text.GPIO_SetBits
                0x0000000008000e6c        0x4 ../fw_lib/stm32f10x_gpio.o
                0x0000000008000e6c                GPIO_SetBits
 .text.GPIO_ResetBits
                0x0000000008000e70        0x4 ../fw_lib/stm32f10x_gpio.o
                0x0000000008000e70                GPIO_ResetBits
 .text.GPIO_WriteBit
                0x0000000008000e74        0xa ../fw_lib/stm32f10x_gpio.o
                0x0000000008000e74                GPIO_WriteBit
 *fill*         0x0000000008000e7e        0x2 
 .text.GPIO_PinRemapConfig
                0x0000000008000e80       0x60 ../fw_lib/stm32f10x_gpio.o
                0x0000000008000e80                GPIO_PinRemapConfig
 .text.USART_Init
                0x0000000008000ee0       0xac ../fw_lib/stm32f10x_usart.o
                0x0000000008000ee0                USART_Init
 .text.USART_ClockInit
                0x0000000008000f8c       0x20 ../fw_lib/stm32f10x_usart.o
                0x0000000008000f8c                USART_ClockInit
 .text.USART_Cmd
                0x0000000008000fac       0x18 ../fw_lib/stm32f10x_usart.o
                0x0000000008000fac                USART_Cmd
 .text.USART_SendData
                0x0000000008000fc4        0x8 ../fw_lib/stm32f10x_usart.o
                0x0000000008000fc4                USART_SendData
 .text.USART_GetFlagStatus
                0x0000000008000fcc        0xc ../fw_lib/stm32f10x_usart.o
                0x0000000008000fcc                USART_GetFlagStatus
 *(.rodata)
 *(.rodata*)
 .rodata.main.str1.1
                0x0000000008000fd8       0x17 ./src/main.o
 .rodata.vPrintUart.str1.1
                0x0000000008000fef        0xe ./src/main.o
 .rodata.vTaskStartScheduler.str1.1
                0x0000000008000ffd        0x5 ../freertos/tasks.o
 *(.glue_7)
 .glue_7        0x0000000008001002        0x0 linker stubs
 *(.glue_7t)
 .glue_7t       0x0000000008001002        0x0 linker stubs
 *(.eh_frame)
 *fill*         0x0000000008001002        0x2 
 .eh_frame      0x0000000008001004        0x0 /home/jmfriedt/sat/lib/gcc/arm-none-eabi/6.2.0/thumb/cortex-m3/crtbegin.o
 *(.init)
 .init          0x0000000008001004        0x4 /home/jmfriedt/sat/lib/gcc/arm-none-eabi/6.2.0/thumb/cortex-m3/crti.o
                0x0000000008001004                _init
 .init          0x0000000008001008        0x8 /home/jmfriedt/sat/lib/gcc/arm-none-eabi/6.2.0/thumb/cortex-m3/crtn.o
 *(.fini)
 .fini          0x0000000008001010        0x4 /home/jmfriedt/sat/lib/gcc/arm-none-eabi/6.2.0/thumb/cortex-m3/crti.o
                0x0000000008001010                _fini
 .fini          0x0000000008001014        0x8 /home/jmfriedt/sat/lib/gcc/arm-none-eabi/6.2.0/thumb/cortex-m3/crtn.o
                0x000000000800101c                . = ALIGN (0x4)
                0x000000000800101c                _etext = .

.vfp11_veneer   0x000000000800101c        0x0
 .vfp11_veneer  0x000000000800101c        0x0 linker stubs

.v4_bx          0x000000000800101c        0x0
 .v4_bx         0x000000000800101c        0x0 linker stubs

.iplt           0x000000000800101c        0x0
 .iplt          0x000000000800101c        0x0 /home/jmfriedt/sat/lib/gcc/arm-none-eabi/6.2.0/thumb/cortex-m3/crtbegin.o

.rel.dyn        0x000000000800101c        0x0
 .rel.iplt      0x000000000800101c        0x0 /home/jmfriedt/sat/lib/gcc/arm-none-eabi/6.2.0/thumb/cortex-m3/crtbegin.o

.ARM.extab
 *(.ARM.extab* .gnu.linkonce.armextab.*)

.ARM            0x000000000800101c        0x0
                0x000000000800101c                __exidx_start = .
 *(.ARM.exidx*)
                0x000000000800101c                __exidx_end = .

.preinit_array  0x000000000800101c        0x0
                0x000000000800101c                PROVIDE (__preinit_array_start, .)
 *(.preinit_array*)
                0x000000000800101c                PROVIDE (__preinit_array_end, .)

.init_array     0x000000000800101c        0x4
                0x000000000800101c                PROVIDE (__init_array_start, .)
 *(SORT(.init_array.*))
 *(.init_array*)
 .init_array    0x000000000800101c        0x4 /home/jmfriedt/sat/lib/gcc/arm-none-eabi/6.2.0/thumb/cortex-m3/crtbegin.o
                0x0000000008001020                PROVIDE (__init_array_end, .)

.fini_array     0x0000000008001020        0x4
                0x0000000008001020                PROVIDE (__fini_array_start, .)
 *(.fini_array*)
 .fini_array    0x0000000008001020        0x4 /home/jmfriedt/sat/lib/gcc/arm-none-eabi/6.2.0/thumb/cortex-m3/crtbegin.o
 *(SORT(.fini_array.*))
                0x0000000008001024                PROVIDE (__fini_array_end, .)
                0x0000000008001024                _sidata = .

.data           0x0000000020000000       0x20 load address 0x0000000008001024
                0x0000000020000000                . = ALIGN (0x4)
                0x0000000020000000                _sdata = .
 *(.data)
 *(.data*)
 .data.xFreeBytesRemaining
                0x0000000020000000        0x4 ../freertos/portable/MemMang/heap_2.o
 .data.uxCriticalNesting
                0x0000000020000004        0x4 ../freertos/portable/GCC/ARM_CM3/port.o
 .data.xNextTaskUnblockTime
                0x0000000020000008        0x4 ../freertos/tasks.o
 .data.ADCPrescTable
                0x000000002000000c        0x4 ../fw_lib/stm32f10x_rcc.o
 .data.APBAHBPrescTable
                0x0000000020000010       0x10 ../fw_lib/stm32f10x_rcc.o
                0x0000000020000020                . = ALIGN (0x4)
                0x0000000020000020                _edata = .

.jcr            0x0000000020000020        0x0 load address 0x0000000008001044
 .jcr           0x0000000020000020        0x0 /home/jmfriedt/sat/lib/gcc/arm-none-eabi/6.2.0/thumb/cortex-m3/crtbegin.o

.tm_clone_table
                0x0000000020000020        0x0 load address 0x0000000008001044
 .tm_clone_table
                0x0000000020000020        0x0 /home/jmfriedt/sat/lib/gcc/arm-none-eabi/6.2.0/thumb/cortex-m3/crtbegin.o
 .tm_clone_table
                0x0000000020000020        0x0 /home/jmfriedt/sat/lib/gcc/arm-none-eabi/6.2.0/thumb/cortex-m3/crtend.o

.igot.plt       0x0000000020000020        0x0 load address 0x0000000008001044
 .igot.plt      0x0000000020000020        0x0 /home/jmfriedt/sat/lib/gcc/arm-none-eabi/6.2.0/thumb/cortex-m3/crtbegin.o
                0x0000000020000020                . = ALIGN (0x4)

.bss            0x0000000020000020     0x151c load address 0x0000000008001048
                0x0000000020000020                _sbss = .
                0x0000000020000020                __bss_start__ = _sbss
 *(.bss)
 .bss           0x0000000020000020       0x1c /home/jmfriedt/sat/lib/gcc/arm-none-eabi/6.2.0/thumb/cortex-m3/crtbegin.o
 *(.bss*)
 .bss.xEnd      0x000000002000003c        0x8 ../freertos/portable/MemMang/heap_2.o
 *fill*         0x0000000020000044        0x4 
 .bss.xHeap     0x0000000020000048     0x1400 ../freertos/portable/MemMang/heap_2.o
 .bss.xHeapHasBeenInitialised.4859
                0x0000000020001448        0x4 ../freertos/portable/MemMang/heap_2.o
 .bss.xStart    0x000000002000144c        0x8 ../freertos/portable/MemMang/heap_2.o
 .bss.pxCurrentTCB
                0x0000000020001454        0x4 ../freertos/tasks.o
                0x0000000020001454                pxCurrentTCB
 .bss.pxDelayedTaskList
                0x0000000020001458        0x4 ../freertos/tasks.o
 .bss.pxOverflowDelayedTaskList
                0x000000002000145c        0x4 ../freertos/tasks.o
 .bss.pxReadyTasksLists
                0x0000000020001460       0x64 ../freertos/tasks.o
 .bss.uxCurrentNumberOfTasks
                0x00000000200014c4        0x4 ../freertos/tasks.o
 .bss.uxMissedTicks
                0x00000000200014c8        0x4 ../freertos/tasks.o
 .bss.uxSchedulerSuspended
                0x00000000200014cc        0x4 ../freertos/tasks.o
 .bss.uxTaskNumber
                0x00000000200014d0        0x4 ../freertos/tasks.o
 .bss.uxTopReadyPriority
                0x00000000200014d4        0x4 ../freertos/tasks.o
 .bss.uxTopUsedPriority
                0x00000000200014d8        0x4 ../freertos/tasks.o
 .bss.xDelayedTaskList1
                0x00000000200014dc       0x14 ../freertos/tasks.o
 .bss.xDelayedTaskList2
                0x00000000200014f0       0x14 ../freertos/tasks.o
 .bss.xMissedYield
                0x0000000020001504        0x4 ../freertos/tasks.o
 .bss.xNumOfOverflows
                0x0000000020001508        0x4 ../freertos/tasks.o
 .bss.xPendingReadyList
                0x000000002000150c       0x14 ../freertos/tasks.o
 .bss.xSchedulerRunning
                0x0000000020001520        0x4 ../freertos/tasks.o
 .bss.xSuspendedTaskList
                0x0000000020001524       0x14 ../freertos/tasks.o
 .bss.xTickCount
                0x0000000020001538        0x4 ../freertos/tasks.o
 *(COMMON)
                0x000000002000153c                . = ALIGN (0x4)
                0x000000002000153c                _ebss = .
                0x000000002000153c                __bss_end__ = _ebss
                [!provide]                        PROVIDE (end, _ebss)
                [!provide]                        PROVIDE (_end, _ebss)

._user_heap_stack
                0x000000002000153c       0x80 load address 0x0000000008002564
                0x000000002000153c                . = ALIGN (0x4)
                0x000000002000153c                . = (. + _Min_Heap_Size)
                0x00000000200015bc                . = (. + _Min_Stack_Size)
 *fill*         0x000000002000153c       0x80 
                0x00000000200015bc                . = ALIGN (0x4)

.memory_b1_text
 *(.mb1text)
 *(.mb1text*)
 *(.mb1rodata)
 *(.mb1rodata*)

/DISCARD/
 libc.a(*)
 libm.a(*)
 libgcc.a(*)

.ARM.attributes
                0x0000000000000000       0x2f
 *(.ARM.attributes)
 .ARM.attributes
                0x0000000000000000       0x23 /home/jmfriedt/sat/lib/gcc/arm-none-eabi/6.2.0/thumb/cortex-m3/crti.o
 .ARM.attributes
                0x0000000000000023       0x33 /home/jmfriedt/sat/lib/gcc/arm-none-eabi/6.2.0/thumb/cortex-m3/crtbegin.o
 .ARM.attributes
                0x0000000000000056       0x21 ../fw_lib/startup.o
 .ARM.attributes
                0x0000000000000077       0x33 ./src/main.o
 .ARM.attributes
                0x00000000000000aa       0x33 ../common/usart_stm32.o
 .ARM.attributes
                0x00000000000000dd       0x33 ../freertos/portable/MemMang/heap_2.o
 .ARM.attributes
                0x0000000000000110       0x33 ../freertos/portable/GCC/ARM_CM3/port.o
 .ARM.attributes
                0x0000000000000143       0x33 ../freertos/tasks.o
 .ARM.attributes
                0x0000000000000176       0x33 ../freertos/list.o
 .ARM.attributes
                0x00000000000001a9       0x33 ../fw_lib/system_stm32f10x.o
 .ARM.attributes
                0x00000000000001dc       0x33 ../fw_lib/stm32f10x_it.o
 .ARM.attributes
                0x000000000000020f       0x33 ../fw_lib/stm32f10x_rcc.o
 .ARM.attributes
                0x0000000000000242       0x33 ../fw_lib/stm32f10x_gpio.o
 .ARM.attributes
                0x0000000000000275       0x33 ../fw_lib/stm32f10x_usart.o
 .ARM.attributes
                0x00000000000002a8       0x33 /home/jmfriedt/sat/lib/gcc/arm-none-eabi/6.2.0/../../../../arm-none-eabi/lib/thumb/cortex-m3/libc.a(lib_a-strncpy.o)
 .ARM.attributes
                0x00000000000002db       0x33 /home/jmfriedt/sat/lib/gcc/arm-none-eabi/6.2.0/thumb/cortex-m3/crtend.o
 .ARM.attributes
                0x000000000000030e       0x23 /home/jmfriedt/sat/lib/gcc/arm-none-eabi/6.2.0/thumb/cortex-m3/crtn.o
LOAD ../fw_lib/startup.o
LOAD ./src/main.o
LOAD ../common/usart_stm32.o
LOAD ../freertos/timers.o
LOAD ../freertos/portable/MemMang/heap_2.o
LOAD ../freertos/portable/GCC/ARM_CM3/port.o
LOAD ../freertos/tasks.o
LOAD ../freertos/queue.o
LOAD ../freertos/croutine.o
LOAD ../freertos/list.o
LOAD ../fw_lib/system_stm32f10x.o
LOAD ../fw_lib/stm32f10x_it.o
LOAD ../fw_lib/stm32f10x_rcc.o
LOAD ../fw_lib/core_cm3.o
LOAD ../fw_lib/stm32f10x_gpio.o
LOAD ../fw_lib/stm32f10x_adc.o
LOAD ../fw_lib/stm32f10x_usart.o
START GROUP
LOAD /home/jmfriedt/sat/lib/gcc/arm-none-eabi/6.2.0/thumb/cortex-m3/libgcc.a
LOAD /home/jmfriedt/sat/lib/gcc/arm-none-eabi/6.2.0/../../../../arm-none-eabi/lib/thumb/cortex-m3/libc.a
END GROUP
LOAD /home/jmfriedt/sat/lib/gcc/arm-none-eabi/6.2.0/thumb/cortex-m3/crtend.o
LOAD /home/jmfriedt/sat/lib/gcc/arm-none-eabi/6.2.0/thumb/cortex-m3/crtn.o
OUTPUT(output/main.elf elf32-littlearm)

.comment        0x0000000000000000       0x11
 .comment       0x0000000000000000       0x11 /home/jmfriedt/sat/lib/gcc/arm-none-eabi/6.2.0/thumb/cortex-m3/crtbegin.o
                                         0x12 (size before relaxing)
 .comment       0x0000000000000011       0x12 ./src/main.o
 .comment       0x0000000000000011       0x12 ../common/usart_stm32.o
 .comment       0x0000000000000011       0x12 ../freertos/portable/MemMang/heap_2.o
 .comment       0x0000000000000011       0x12 ../freertos/portable/GCC/ARM_CM3/port.o
 .comment       0x0000000000000011       0x12 ../freertos/tasks.o
 .comment       0x0000000000000011       0x12 ../freertos/list.o
 .comment       0x0000000000000011       0x12 ../fw_lib/system_stm32f10x.o
 .comment       0x0000000000000011       0x12 ../fw_lib/stm32f10x_it.o
 .comment       0x0000000000000011       0x12 ../fw_lib/stm32f10x_rcc.o
 .comment       0x0000000000000011       0x12 ../fw_lib/stm32f10x_gpio.o
 .comment       0x0000000000000011       0x12 ../fw_lib/stm32f10x_usart.o
 .comment       0x0000000000000011       0x12 /home/jmfriedt/sat/lib/gcc/arm-none-eabi/6.2.0/../../../../arm-none-eabi/lib/thumb/cortex-m3/libc.a(lib_a-strncpy.o)
 .comment       0x0000000000000011       0x12 /home/jmfriedt/sat/lib/gcc/arm-none-eabi/6.2.0/thumb/cortex-m3/crtend.o

.debug_line     0x0000000000000000     0x27ea
 .debug_line    0x0000000000000000       0x6f ../fw_lib/startup.o
 .debug_line    0x000000000000006f      0x347 ./src/main.o
 .debug_line    0x00000000000003b6      0x2b8 ../common/usart_stm32.o
 .debug_line    0x000000000000066e      0x318 ../freertos/portable/MemMang/heap_2.o
 .debug_line    0x0000000000000986      0x1e9 ../freertos/portable/GCC/ARM_CM3/port.o
 .debug_line    0x0000000000000b6f      0x675 ../freertos/tasks.o
 .debug_line    0x00000000000011e4      0x2e9 ../freertos/list.o
 .debug_line    0x00000000000014cd      0x241 ../fw_lib/system_stm32f10x.o
 .debug_line    0x000000000000170e      0x22f ../fw_lib/stm32f10x_it.o
 .debug_line    0x000000000000193d      0x4b7 ../fw_lib/stm32f10x_rcc.o
 .debug_line    0x0000000000001df4      0x3cf ../fw_lib/stm32f10x_gpio.o
 .debug_line    0x00000000000021c3      0x4c1 ../fw_lib/stm32f10x_usart.o
 .debug_line    0x0000000000002684      0x166 /home/jmfriedt/sat/lib/gcc/arm-none-eabi/6.2.0/../../../../arm-none-eabi/lib/thumb/cortex-m3/libc.a(lib_a-strncpy.o)

.debug_info     0x0000000000000000     0x670c
 .debug_info    0x0000000000000000       0x45 ../fw_lib/startup.o
 .debug_info    0x0000000000000045      0x4cf ./src/main.o
 .debug_info    0x0000000000000514      0x6d0 ../common/usart_stm32.o
 .debug_info    0x0000000000000be4      0xaf9 ../freertos/portable/MemMang/heap_2.o
 .debug_info    0x00000000000016dd      0x1ec ../freertos/portable/GCC/ARM_CM3/port.o
 .debug_info    0x00000000000018c9     0x195c ../freertos/tasks.o
 .debug_info    0x0000000000003225      0xa97 ../freertos/list.o
 .debug_info    0x0000000000003cbc      0x41c ../fw_lib/system_stm32f10x.o
 .debug_info    0x00000000000040d8      0x120 ../fw_lib/stm32f10x_it.o
 .debug_info    0x00000000000041f8      0x941 ../fw_lib/stm32f10x_rcc.o
 .debug_info    0x0000000000004b39      0x7e6 ../fw_lib/stm32f10x_gpio.o
 .debug_info    0x000000000000531f      0xac2 ../fw_lib/stm32f10x_usart.o
 .debug_info    0x0000000000005de1      0x92b /home/jmfriedt/sat/lib/gcc/arm-none-eabi/6.2.0/../../../../arm-none-eabi/lib/thumb/cortex-m3/libc.a(lib_a-strncpy.o)

.debug_abbrev   0x0000000000000000     0x16dc
 .debug_abbrev  0x0000000000000000       0x12 ../fw_lib/startup.o
 .debug_abbrev  0x0000000000000012      0x157 ./src/main.o
 .debug_abbrev  0x0000000000000169      0x15d ../common/usart_stm32.o
 .debug_abbrev  0x00000000000002c6      0x2ac ../freertos/portable/MemMang/heap_2.o
 .debug_abbrev  0x0000000000000572      0x136 ../freertos/portable/GCC/ARM_CM3/port.o
 .debug_abbrev  0x00000000000006a8      0x3ec ../freertos/tasks.o
 .debug_abbrev  0x0000000000000a94      0x1ef ../freertos/list.o
 .debug_abbrev  0x0000000000000c83      0x1ba ../fw_lib/system_stm32f10x.o
 .debug_abbrev  0x0000000000000e3d       0xab ../fw_lib/stm32f10x_it.o
 .debug_abbrev  0x0000000000000ee8      0x1f8 ../fw_lib/stm32f10x_rcc.o
 .debug_abbrev  0x00000000000010e0      0x21f ../fw_lib/stm32f10x_gpio.o
 .debug_abbrev  0x00000000000012ff      0x1fa ../fw_lib/stm32f10x_usart.o
 .debug_abbrev  0x00000000000014f9      0x1e3 /home/jmfriedt/sat/lib/gcc/arm-none-eabi/6.2.0/../../../../arm-none-eabi/lib/thumb/cortex-m3/libc.a(lib_a-strncpy.o)

.debug_aranges  0x0000000000000000      0x5a8
 .debug_aranges
                0x0000000000000000       0x28 ../fw_lib/startup.o
 .debug_aranges
                0x0000000000000028       0x38 ./src/main.o
 .debug_aranges
                0x0000000000000060       0x48 ../common/usart_stm32.o
 .debug_aranges
                0x00000000000000a8       0x38 ../freertos/portable/MemMang/heap_2.o
 .debug_aranges
                0x00000000000000e0       0x68 ../freertos/portable/GCC/ARM_CM3/port.o
 .debug_aranges
                0x0000000000000148       0xd0 ../freertos/tasks.o
 .debug_aranges
                0x0000000000000218       0x40 ../freertos/list.o
 .debug_aranges
                0x0000000000000258       0x28 ../fw_lib/system_stm32f10x.o
 .debug_aranges
                0x0000000000000280       0x40 ../fw_lib/stm32f10x_it.o
 .debug_aranges
                0x00000000000002c0      0x120 ../fw_lib/stm32f10x_rcc.o
 .debug_aranges
                0x00000000000003e0       0xa8 ../fw_lib/stm32f10x_gpio.o
 .debug_aranges
                0x0000000000000488      0x100 ../fw_lib/stm32f10x_usart.o
 .debug_aranges
                0x0000000000000588       0x20 /home/jmfriedt/sat/lib/gcc/arm-none-eabi/6.2.0/../../../../arm-none-eabi/lib/thumb/cortex-m3/libc.a(lib_a-strncpy.o)

.debug_ranges   0x0000000000000000      0x5b0
 .debug_ranges  0x0000000000000000       0x20 ../fw_lib/startup.o
 .debug_ranges  0x0000000000000020       0x28 ./src/main.o
 .debug_ranges  0x0000000000000048       0x38 ../common/usart_stm32.o
 .debug_ranges  0x0000000000000080       0x70 ../freertos/portable/MemMang/heap_2.o
 .debug_ranges  0x00000000000000f0       0x70 ../freertos/portable/GCC/ARM_CM3/port.o
 .debug_ranges  0x0000000000000160      0x128 ../freertos/tasks.o
 .debug_ranges  0x0000000000000288       0x30 ../freertos/list.o
 .debug_ranges  0x00000000000002b8       0x30 ../fw_lib/system_stm32f10x.o
 .debug_ranges  0x00000000000002e8       0x30 ../fw_lib/stm32f10x_it.o
 .debug_ranges  0x0000000000000318      0x110 ../fw_lib/stm32f10x_rcc.o
 .debug_ranges  0x0000000000000428       0x98 ../fw_lib/stm32f10x_gpio.o
 .debug_ranges  0x00000000000004c0       0xf0 ../fw_lib/stm32f10x_usart.o

.debug_loc      0x0000000000000000     0x2204
 .debug_loc     0x0000000000000000       0x63 ./src/main.o
 .debug_loc     0x0000000000000063       0x59 ../common/usart_stm32.o
 .debug_loc     0x00000000000000bc      0x249 ../freertos/portable/MemMang/heap_2.o
 .debug_loc     0x0000000000000305       0x45 ../freertos/portable/GCC/ARM_CM3/port.o
 .debug_loc     0x000000000000034a      0x89d ../freertos/tasks.o
 .debug_loc     0x0000000000000be7       0x73 ../freertos/list.o
 .debug_loc     0x0000000000000c5a       0xd1 ../fw_lib/system_stm32f10x.o
 .debug_loc     0x0000000000000d2b      0x70e ../fw_lib/stm32f10x_rcc.o
 .debug_loc     0x0000000000001439      0x520 ../fw_lib/stm32f10x_gpio.o
 .debug_loc     0x0000000000001959      0x781 ../fw_lib/stm32f10x_usart.o
 .debug_loc     0x00000000000020da      0x12a /home/jmfriedt/sat/lib/gcc/arm-none-eabi/6.2.0/../../../../arm-none-eabi/lib/thumb/cortex-m3/libc.a(lib_a-strncpy.o)

.debug_macro    0x0000000000000000    0x1488e
 .debug_macro   0x0000000000000000      0x103 ./src/main.o
 .debug_macro   0x0000000000000103      0x8aa ./src/main.o
 .debug_macro   0x00000000000009ad      0x174 ./src/main.o
 .debug_macro   0x0000000000000b21       0x46 ./src/main.o
 .debug_macro   0x0000000000000b67       0xa0 ./src/main.o
 .debug_macro   0x0000000000000c07       0xa3 ./src/main.o
 .debug_macro   0x0000000000000caa       0x12 ./src/main.o
 .debug_macro   0x0000000000000cbc       0x1e ./src/main.o
 .debug_macro   0x0000000000000cda      0x1e0 ./src/main.o
 .debug_macro   0x0000000000000eba       0x48 ./src/main.o
 .debug_macro   0x0000000000000f02       0x56 ./src/main.o
 .debug_macro   0x0000000000000f58       0x4c ./src/main.o
 .debug_macro   0x0000000000000fa4       0x22 ./src/main.o
 .debug_macro   0x0000000000000fc6       0x22 ./src/main.o
 .debug_macro   0x0000000000000fe8       0x87 ./src/main.o
 .debug_macro   0x000000000000106f       0x44 ./src/main.o
 .debug_macro   0x00000000000010b3       0xfd ./src/main.o
 .debug_macro   0x00000000000011b0       0x22 ./src/main.o
 .debug_macro   0x00000000000011d2      0x1df ./src/main.o
 .debug_macro   0x00000000000013b1       0xb8 ./src/main.o
 .debug_macro   0x0000000000001469     0x7c36 ./src/main.o
 .debug_macro   0x000000000000909f      0x201 ./src/main.o
 .debug_macro   0x00000000000092a0       0xb0 ../common/usart_stm32.o
 .debug_macro   0x0000000000009350      0x21e ../common/usart_stm32.o
 .debug_macro   0x000000000000956e      0x207 ../common/usart_stm32.o
 .debug_macro   0x0000000000009775      0x39f ../common/usart_stm32.o
 .debug_macro   0x0000000000009b14      0x170 ../freertos/portable/MemMang/heap_2.o
 .debug_macro   0x0000000000009c84       0x40 ../freertos/portable/MemMang/heap_2.o
 .debug_macro   0x0000000000009cc4       0x8d ../freertos/portable/MemMang/heap_2.o
 .debug_macro   0x0000000000009d51       0x35 ../freertos/portable/MemMang/heap_2.o
 .debug_macro   0x0000000000009d86       0x9c ../freertos/portable/MemMang/heap_2.o
 .debug_macro   0x0000000000009e22       0x16 ../freertos/portable/MemMang/heap_2.o
 .debug_macro   0x0000000000009e38      0x10e ../freertos/portable/MemMang/heap_2.o
 .debug_macro   0x0000000000009f46       0x8d ../freertos/portable/MemMang/heap_2.o
 .debug_macro   0x0000000000009fd3       0x4a ../freertos/portable/MemMang/heap_2.o
 .debug_macro   0x000000000000a01d       0x52 ../freertos/portable/MemMang/heap_2.o
 .debug_macro   0x000000000000a06f       0x16 ../freertos/portable/MemMang/heap_2.o
 .debug_macro   0x000000000000a085       0x43 ../freertos/portable/MemMang/heap_2.o
 .debug_macro   0x000000000000a0c8      0x187 ../freertos/portable/MemMang/heap_2.o
 .debug_macro   0x000000000000a24f      0x30d ../freertos/portable/MemMang/heap_2.o
 .debug_macro   0x000000000000a55c       0x16 ../freertos/portable/MemMang/heap_2.o
 .debug_macro   0x000000000000a572       0x29 ../freertos/portable/MemMang/heap_2.o
 .debug_macro   0x000000000000a59b       0xb8 ../freertos/portable/GCC/ARM_CM3/port.o
 .debug_macro   0x000000000000a653      0x276 ../freertos/tasks.o
 .debug_macro   0x000000000000a8c9       0x16 ../freertos/tasks.o
 .debug_macro   0x000000000000a8df       0x97 ../freertos/tasks.o
 .debug_macro   0x000000000000a976       0xfd ../freertos/tasks.o
 .debug_macro   0x000000000000aa73       0x10 ../freertos/tasks.o
 .debug_macro   0x000000000000aa83       0x22 ../freertos/tasks.o
 .debug_macro   0x000000000000aaa5       0x3a ../freertos/tasks.o
 .debug_macro   0x000000000000aadf       0x10 ../freertos/tasks.o
 .debug_macro   0x000000000000aaef       0x40 ../freertos/tasks.o
 .debug_macro   0x000000000000ab2f       0x6c ../freertos/tasks.o
 .debug_macro   0x000000000000ab9b       0x16 ../freertos/tasks.o
 .debug_macro   0x000000000000abb1      0x182 ../freertos/tasks.o
 .debug_macro   0x000000000000ad33       0x35 ../freertos/tasks.o
 .debug_macro   0x000000000000ad68       0x16 ../freertos/tasks.o
 .debug_macro   0x000000000000ad7e       0x16 ../freertos/tasks.o
 .debug_macro   0x000000000000ad94      0x142 ../freertos/list.o
 .debug_macro   0x000000000000aed6       0xc1 ../fw_lib/system_stm32f10x.o
 .debug_macro   0x000000000000af97       0x5c ../fw_lib/system_stm32f10x.o
 .debug_macro   0x000000000000aff3       0x22 ../fw_lib/system_stm32f10x.o
 .debug_macro   0x000000000000b015      0x69f ../fw_lib/system_stm32f10x.o
 .debug_macro   0x000000000000b6b4     0x7e5f ../fw_lib/system_stm32f10x.o
 .debug_macro   0x0000000000013513       0x85 ../fw_lib/system_stm32f10x.o
 .debug_macro   0x0000000000013598       0x35 ../fw_lib/system_stm32f10x.o
 .debug_macro   0x00000000000135cd       0xbe ../fw_lib/stm32f10x_it.o
 .debug_macro   0x000000000001368b      0x1ed ../fw_lib/stm32f10x_rcc.o
 .debug_macro   0x0000000000013878      0x45b ../fw_lib/stm32f10x_rcc.o
 .debug_macro   0x0000000000013cd3      0x11a ../fw_lib/stm32f10x_gpio.o
 .debug_macro   0x0000000000013ded      0x2a6 ../fw_lib/stm32f10x_gpio.o
 .debug_macro   0x0000000000014093      0x461 ../fw_lib/stm32f10x_gpio.o
 .debug_macro   0x00000000000144f4      0x180 ../fw_lib/stm32f10x_usart.o
 .debug_macro   0x0000000000014674      0x21a ../fw_lib/stm32f10x_usart.o

.debug_str      0x0000000000000000    0x4155b
 .debug_str     0x0000000000000000    0x3193c ./src/main.o
                                      0x31b2f (size before relaxing)
 .debug_str     0x000000000003193c     0x36d1 ../common/usart_stm32.o
                                      0x334a9 (size before relaxing)
 .debug_str     0x000000000003500d     0x2f7d ../freertos/portable/MemMang/heap_2.o
                                       0x74d2 (size before relaxing)
 .debug_str     0x0000000000037f8a      0x3ad ../freertos/portable/GCC/ARM_CM3/port.o
                                       0x455f (size before relaxing)
 .debug_str     0x0000000000038337     0x1f5a ../freertos/tasks.o
                                       0x9151 (size before relaxing)
 .debug_str     0x000000000003a291       0x50 ../freertos/list.o
                                       0x6e0d (size before relaxing)
 .debug_str     0x000000000003a2e1     0x4585 ../fw_lib/system_stm32f10x.o
                                      0x31f47 (size before relaxing)
 .debug_str     0x000000000003e866       0xbb ../fw_lib/stm32f10x_it.o
                                      0x31e69 (size before relaxing)
 .debug_str     0x000000000003e921     0x13d2 ../fw_lib/stm32f10x_rcc.o
                                      0x34de4 (size before relaxing)
 .debug_str     0x000000000003fcf3      0xf15 ../fw_lib/stm32f10x_gpio.o
                                      0x3643b (size before relaxing)
 .debug_str     0x0000000000040c08      0x852 ../fw_lib/stm32f10x_usart.o
                                      0x35f05 (size before relaxing)
 .debug_str     0x000000000004145a      0x101 /home/jmfriedt/sat/lib/gcc/arm-none-eabi/6.2.0/../../../../arm-none-eabi/lib/thumb/cortex-m3/libc.a(lib_a-strncpy.o)
                                        0x589 (size before relaxing)

.debug_frame    0x0000000000000000      0xc2c
 .debug_frame   0x0000000000000000       0x70 ./src/main.o
 .debug_frame   0x0000000000000070       0xa0 ../common/usart_stm32.o
 .debug_frame   0x0000000000000110       0x74 ../freertos/portable/MemMang/heap_2.o
 .debug_frame   0x0000000000000184       0xc0 ../freertos/portable/GCC/ARM_CM3/port.o
 .debug_frame   0x0000000000000244      0x2a4 ../freertos/tasks.o
 .debug_frame   0x00000000000004e8       0x68 ../freertos/list.o
 .debug_frame   0x0000000000000550       0x44 ../fw_lib/system_stm32f10x.o
 .debug_frame   0x0000000000000594       0xa0 ../fw_lib/stm32f10x_it.o
 .debug_frame   0x0000000000000634      0x230 ../fw_lib/stm32f10x_rcc.o
 .debug_frame   0x0000000000000864      0x170 ../fw_lib/stm32f10x_gpio.o
 .debug_frame   0x00000000000009d4      0x224 ../fw_lib/stm32f10x_usart.o
 .debug_frame   0x0000000000000bf8       0x34 /home/jmfriedt/sat/lib/gcc/arm-none-eabi/6.2.0/../../../../arm-none-eabi/lib/thumb/cortex-m3/libc.a(lib_a-strncpy.o)
